[09:46:47] ═══════════════════════════════════════════════════════════════════
[09:46:47]   Supervised Search 8 — Architecture Scale-Up: 20260528_0946
[09:46:47]   Baseline: sup5_b  d=512 L=6  18.9M  200k → test=68.79%
[09:46:47]   Scaling law: +1.92pp (d=256→384), +0.55pp (d=384→512)
[09:46:47]   Expected:    ~+0.2pp (d=512→768),  ~+0.1pp (d=768→1024)
[09:46:47]   ─────────────────────────────────────────────────────────────────
[09:46:47]   sup8_a: d=768  L=6 H=12 ff=3072  42.5M  200k steps  lr=7e-5
[09:46:47]   sup8_b: d=1024 L=6 H=16 ff=4096  75.6M  200k steps  lr=5e-5
[09:46:47]   est. runtime: ~24h + ~52h = ~76h total (sequential)
[09:46:47] ═══════════════════════════════════════════════════════════════════
[09:46:47] 
[09:46:47] ▶ Starting sup8_a_d768_L6
[02:41:16] ✓ Training done: sup8_a_d768_L6
[02:41:16]   best val: 70.52%
[02:41:16]   Evaluating on test set …
[02:41:50]   ★ test win-rate: 69.02%  (baseline: 68.79%)
[02:41:50] 
[02:41:50] ▶ Starting sup8_b_d1024_L6
[04:46:24] ✓ Training done: sup8_b_d1024_L6
[04:46:24]   best val: 68.96%
[04:46:24]   Evaluating on test set …
[04:47:19]   ★ test win-rate: 67.69%  (baseline: 68.79%)
[04:47:19] 
[04:47:19] ═══════════════════════════════════════════════════════════════════
[04:47:19]   SUP SEARCH 8 COMPLETE — 20260528_0946
[04:47:19]   baseline:  sup5_b  d=512   18.9M  test=68.79%
[04:47:19]   sup8_a:    d=768   42.5M   test=?
[04:47:19]   sup8_b:    d=1024  75.6M   test=?
[04:47:19]   Results in: logs/sup_search8_20260528_0946/
[04:47:19] ═══════════════════════════════════════════════════════════════════
